MemTotal:       131909100 kB
MemFree:        120927848 kB
MemAvailable:   128103144 kB
Buffers:         1164688 kB
Cached:          6500784 kB
SwapCached:            0 kB
Active:          5343228 kB
Inactive:        4029796 kB
Active(anon):    1604328 kB
Inactive(anon):    13804 kB
Active(file):    3738900 kB
Inactive(file):  4015992 kB
Unevictable:           0 kB
Mlocked:               0 kB
SwapTotal:      268435452 kB
SwapFree:       268435452 kB
Dirty:               348 kB
Writeback:             0 kB
AnonPages:       1707560 kB
Mapped:           331152 kB
Shmem:             15608 kB
KReclaimable:     667476 kB
Slab:            1146204 kB
SReclaimable:     667476 kB
SUnreclaim:       478728 kB
KernelStack:       17696 kB
PageTables:        40568 kB
NFS_Unstable:          0 kB
Bounce:                0 kB
WritebackTmp:          0 kB
CommitLimit:    334390000 kB
Committed_AS:   10548880 kB
VmallocTotal:   34359738367 kB
VmallocUsed:      109528 kB
VmallocChunk:          0 kB
Percpu:            46848 kB
HardwareCorrupted:     0 kB
AnonHugePages:         0 kB
ShmemHugePages:        0 kB
ShmemPmdMapped:        0 kB
FileHugePages:         0 kB
FilePmdMapped:         0 kB
HugePages_Total:       0
HugePages_Free:        0
HugePages_Rsvd:        0
HugePages_Surp:        0
Hugepagesize:       2048 kB
Hugetlb:               0 kB
DirectMap4k:      767532 kB
DirectMap2M:    14878720 kB
DirectMap1G:    119537664 kB
